// Jest Snapshot v1, https://goo.gl/fbAQLP

exports[`<SingleCourse /> should render correctly 1`] = `
<section>
  <Jumbotron
    subtitle="Description of first example course"
    title="First example course"
  />
  <div
    className="column-container"
  >
    <div
      className="modules"
    >
      <CourseModuleItem
        item={
          Object {
            "course": Object {
              "id": 1,
              "title": "Test title of example course",
            },
            "created": "2019-03-08T00:00:00+01:00",
            "description": "Test description of example module",
            "id": "fb8fbc90-2a0f-45b3-83ee-bb6e9d1bc402",
            "lessons": Array [
              Object {
                "completed": null,
                "duration_in_minutes": 60,
                "href": Object {
                  "cover_image_url": "simplestring.jpg",
                },
                "id": "53ca8a0a-b5a9-40e9-b5b7-0f9d226a4d8b",
                "title": "Test title of example lesson",
              },
            ],
            "position": 0,
            "progress": Object {
              "completed_lesson": "1",
              "completed_percentage": "10",
              "completed_time": "10",
              "total_duration": "100",
            },
            "title": "Test title of example module",
            "updated": "2019-03-11T19:41:18+01:00",
          }
        }
        key="fb8fbc90-2a0f-45b3-83ee-bb6e9d1bc402"
        match={
          Object {
            "isExact": true,
            "params": Object {
              "courseId": "1",
            },
            "path": "",
            "url": "",
          }
        }
      />
    </div>
    <div
      className="authors"
    >
      <WithStyles(Typography)
        variant="h5"
      />
      <Author
        author={
          Object {
            "bio": "Lorem Ipsum of bio",
            "href": Object {
              "picture": "examples.com/example.jpeg",
            },
            "name": "John Doe",
            "picture": "example.png",
          }
        }
        key="John Doe"
      />
    </div>
  </div>
</section>
`;
